[2023-12-02 16:03:35,024] {{taskinstance.py:670}} INFO - Dependencies all met for <TaskInstance: hw-3.4.load_data_psql 2023-12-02T15:52:55.287974+00:00 [queued]>
[2023-12-02 16:03:35,147] {{taskinstance.py:670}} INFO - Dependencies all met for <TaskInstance: hw-3.4.load_data_psql 2023-12-02T15:52:55.287974+00:00 [queued]>
[2023-12-02 16:03:35,149] {{taskinstance.py:880}} INFO - 
--------------------------------------------------------------------------------
[2023-12-02 16:03:35,151] {{taskinstance.py:881}} INFO - Starting attempt 3 of 3
[2023-12-02 16:03:35,152] {{taskinstance.py:882}} INFO - 
--------------------------------------------------------------------------------
[2023-12-02 16:03:35,193] {{taskinstance.py:901}} INFO - Executing <Task(PythonOperator): load_data_psql> on 2023-12-02T15:52:55.287974+00:00
[2023-12-02 16:03:35,201] {{standard_task_runner.py:54}} INFO - Started process 586 to run task
[2023-12-02 16:03:35,305] {{standard_task_runner.py:77}} INFO - Running: ['airflow', 'run', 'hw-3.4', 'load_data_psql', '2023-12-02T15:52:55.287974+00:00', '--job_id', '12', '--pool', 'default_pool', '--raw', '-sd', 'DAGS_FOLDER/hw-3.4.py', '--cfg_path', '/tmp/tmpuytzi205']
[2023-12-02 16:03:35,307] {{standard_task_runner.py:78}} INFO - Job 12: Subtask load_data_psql
[2023-12-02 16:03:35,382] {{logging_mixin.py:120}} INFO - Running <TaskInstance: hw-3.4.load_data_psql 2023-12-02T15:52:55.287974+00:00 [running]> on host 2cf373442eb7
[2023-12-02 16:03:35,421] {{base_hook.py:89}} INFO - Using connection to: id: conn1. Host: host.docker.internal, Port: 5434, Schema: quotes, Login: postgres, Password: XXXXXXXX, extra: None
[2023-12-02 16:03:36,381] {{logging_mixin.py:120}} INFO - ------------ response --------------
[2023-12-02 16:03:36,383] {{logging_mixin.py:120}} INFO - http://api.exchangerate.host/timeframe?access_key=9320603ab554ad114bd43b3d4b5905c0&start_date=2022-12-10&end_date=2023-12-02&currencies=ZWL&currencies=TRY&currencies=ARS&currencies=RUB&currencies=EUR&currencies=JPY&currencies=CNY&format=1
[2023-12-02 16:03:36,385] {{logging_mixin.py:120}} INFO - None
[2023-12-02 16:03:36,386] {{logging_mixin.py:120}} INFO - {'User-Agent': 'python-requests/2.23.0', 'Accept-Encoding': 'gzip, deflate', 'Accept': '*/*', 'Connection': 'keep-alive'}
[2023-12-02 16:03:36,388] {{logging_mixin.py:120}} INFO - ------------ end --------------
[2023-12-02 16:03:36,390] {{logging_mixin.py:120}} INFO - ------------ data --------------
[2023-12-02 16:03:36,392] {{logging_mixin.py:120}} INFO - {'success': True, 'terms': 'https://currencylayer.com/terms', 'privacy': 'https://currencylayer.com/privacy', 'timeframe': True, 'start_date': '2022-12-10', 'end_date': '2023-12-02', 'source': 'USD', 'quotes': {'2022-12-10': {'USDCNY': 6.957704}, '2022-12-11': {'USDCNY': 6.957697}, '2022-12-12': {'USDCNY': 6.9775}, '2022-12-13': {'USDCNY': 6.944405}, '2022-12-14': {'USDCNY': 6.950901}, '2022-12-15': {'USDCNY': 6.973201}, '2022-12-16': {'USDCNY': 6.973304}, '2022-12-17': {'USDCNY': 6.973204}, '2022-12-18': {'USDCNY': 6.973198}, '2022-12-19': {'USDCNY': 6.979596}, '2022-12-20': {'USDCNY': 6.961903}, '2022-12-21': {'USDCNY': 6.981967}, '2022-12-22': {'USDCNY': 6.984499}, '2022-12-23': {'USDCNY': 6.989304}, '2022-12-24': {'USDCNY': 6.989704}, '2022-12-25': {'USDCNY': 6.989697}, '2022-12-26': {'USDCNY': 6.962201}, '2022-12-27': {'USDCNY': 6.960102}, '2022-12-28': {'USDCNY': 6.978695}, '2022-12-29': {'USDCNY': 6.964099}, '2022-12-30': {'USDCNY': 6.898304}, '2022-12-31': {'USDCNY': 6.897904}, '2023-01-01': {'USDCNY': 6.897897}, '2023-01-02': {'USDCNY': 6.898601}, '2023-01-03': {'USDCNY': 6.915099}, '2023-01-04': {'USDCNY': 6.888801}, '2023-01-05': {'USDCNY': 6.882502}, '2023-01-06': {'USDCNY': 6.838504}, '2023-01-07': {'USDCNY': 6.838404}, '2023-01-08': {'USDCNY': 6.838398}, '2023-01-09': {'USDCNY': 6.772497}, '2023-01-10': {'USDCNY': 6.778502}, '2023-01-11': {'USDCNY': 6.770499}, '2023-01-12': {'USDCNY': 6.738798}, '2023-01-13': {'USDCNY': 6.703041}, '2023-01-14': {'USDCNY': 6.702904}, '2023-01-15': {'USDCNY': 6.702903}, '2023-01-16': {'USDCNY': 6.733605}, '2023-01-17': {'USDCNY': 6.773901}, '2023-01-18': {'USDCNY': 6.748095}, '2023-01-19': {'USDCNY': 6.7769}, '2023-01-20': {'USDCNY': 6.783804}, '2023-01-21': {'USDCNY': 6.783604}, '2023-01-22': {'USDCNY': 6.783604}, '2023-01-23': {'USDCNY': 6.784498}, '2023-01-24': {'USDCNY': 6.784504}, '2023-01-25': {'USDCNY': 6.783902}, '2023-01-26': {'USDCNY': 6.783497}, '2023-01-27': {'USDCNY': 6.783504}, '2023-01-28': {'USDCNY': 6.783404}, '2023-01-29': {'USDCNY': 6.7834}, '2023-01-30': {'USDCNY': 6.748803}, '2023-01-31': {'USDCNY': 6.754699}, '2023-02-01': {'USDCNY': 6.7418}, '2023-02-02': {'USDCNY': 6.7325}, '2023-02-03': {'USDCNY': 6.775104}, '2023-02-04': {'USDCNY': 6.775304}, '2023-02-05': {'USDCNY': 6.775304}, '2023-02-06': {'USDCNY': 6.795025}, '2023-02-07': {'USDCNY': 6.792699}, '2023-02-08': {'USDCNY': 6.789198}, '2023-02-09': {'USDCNY': 6.780698}, '2023-02-10': {'USDCNY': 6.809504}, '2023-02-11': {'USDCNY': 6.809404}, '2023-02-12': {'USDCNY': 6.809399}, '2023-02-13': {'USDCNY': 6.822895}, '2023-02-14': {'USDCNY': 6.826897}, '2023-02-15': {'USDCNY': 6.85296}, '2023-02-16': {'USDCNY': 6.8607}, '2023-02-17': {'USDCNY': 6.867704}, '2023-02-18': {'USDCNY': 6.867604}, '2023-02-19': {'USDCNY': 6.867603}, '2023-02-20': {'USDCNY': 6.855098}, '2023-02-21': {'USDCNY': 6.873497}, '2023-02-22': {'USDCNY': 6.892303}, '2023-02-23': {'USDCNY': 6.908099}, '2023-02-24': {'USDCNY': 6.956204}, '2023-02-25': {'USDCNY': 6.956104}, '2023-02-26': {'USDCNY': 6.956099}, '2023-02-27': {'USDCNY': 6.945021}, '2023-02-28': {'USDCNY': 6.933395}, '2023-03-01': {'USDCNY': 6.869098}, '2023-03-02': {'USDCNY': 6.915299}, '2023-03-03': {'USDCNY': 6.907404}, '2023-03-04': {'USDCNY': 6.907804}, '2023-03-05': {'USDCNY': 6.907798}, '2023-03-06': {'USDCNY': 6.930402}, '2023-03-07': {'USDCNY': 6.962398}, '2023-03-08': {'USDCNY': 6.951695}, '2023-03-09': {'USDCNY': 6.964703}, '2023-03-10': {'USDCNY': 6.906304}, '2023-03-11': {'USDCNY': 6.906204}, '2023-03-12': {'USDCNY': 6.906203}, '2023-03-13': {'USDCNY': 6.845701}, '2023-03-14': {'USDCNY': 6.871498}, '2023-03-15': {'USDCNY': 6.906897}, '2023-03-16': {'USDCNY': 6.898499}, '2023-03-17': {'USDCNY': 6.887104}, '2023-03-18': {'USDCNY': 6.887204}, '2023-03-19': {'USDCNY': 6.887203}, '2023-03-20': {'USDCNY': 6.878697}, '2023-03-21': {'USDCNY': 6.884498}, '2023-03-22': {'USDCNY': 6.880699}, '2023-03-23': {'USDCNY': 6.819902}, '2023-03-24': {'USDCNY': 6.868104}, '2023-03-25': {'USDCNY': 6.868041}, '2023-03-26': {'USDCNY': 6.867972}, '2023-03-27': {'USDCNY': 6.88525}, '2023-03-28': {'USDCNY': 6.874301}, '2023-03-29': {'USDCNY': 6.887101}, '2023-03-30': {'USDCNY': 6.871904}, '2023-03-31': {'USDCNY': 6.868804}, '2023-04-01': {'USDCNY': 6.868804}, '2023-04-02': {'USDCNY': 6.868992}, '2023-04-03': {'USDCNY': 6.878302}, '2023-04-04': {'USDCNY': 6.8798}, '2023-04-05': {'USDCNY': 6.879497}, '2023-04-06': {'USDCNY': 6.875898}, '2023-04-07': {'USDCNY': 6.870704}, '2023-04-08': {'USDCNY': 6.870704}, '2023-04-09': {'USDCNY': 6.870299}, '2023-04-10': {'USDCNY': 6.882098}, '2023-04-11': {'USDCNY': 6.886976}, '2023-04-12': {'USDCNY': 6.874796}, '2023-04-13': {'USDCNY': 6.868801}, '2023-04-14': {'USDCNY': 6.871504}, '2023-04-15': {'USDCNY': 6.871504}, '2023-04-16': {'USDCNY': 6.8714}, '2023-04-17': {'USDCNY': 6.879795}, '2023-04-18': {'USDCNY': 6.87602}, '2023-04-19': {'USDCNY': 6.8861}, '2023-04-20': {'USDCNY': 6.873098}, '2023-04-21': {'USDCNY': 6.893604}, '2023-04-22': {'USDCNY': 6.893604}, '2023-04-23': {'USDCNY': 6.893498}, '2023-04-24': {'USDCNY': 6.8964}, '2023-04-25': {'USDCNY': 6.932702}, '2023-04-26': {'USDCNY': 6.926799}, '2023-04-27': {'USDCNY': 6.923806}, '2023-04-28': {'USDCNY': 6.912204}, '2023-04-29': {'USDCNY': 6.912204}, '2023-04-30': {'USDCNY': 6.9121}, '2023-05-01': {'USDCNY': 6.912103}, '2023-05-02': {'USDCNY': 6.912099}, '2023-05-03': {'USDCNY': 6.912102}, '2023-05-04': {'USDCNY': 6.906702}, '2023-05-05': {'USDCNY': 6.910604}, '2023-05-06': {'USDCNY': 6.910604}, '2023-05-07': {'USDCNY': 6.910504}, '2023-05-08': {'USDCNY': 6.912497}, '2023-05-09': {'USDCNY': 6.920497}, '2023-05-10': {'USDCNY': 6.933301}, '2023-05-11': {'USDCNY': 6.948703}, '2023-05-12': {'USDCNY': 6.958204}, '2023-05-13': {'USDCNY': 6.958204}, '2023-05-14': {'USDCNY': 6.958296}, '2023-05-15': {'USDCNY': 6.952599}, '2023-05-16': {'USDCNY': 6.977603}, '2023-05-17': {'USDCNY': 6.998595}, '2023-05-18': {'USDCNY': 7.036097}, '2023-05-19': {'USDCNY': 7.007604}, '2023-05-20': {'USDCNY': 7.007604}, '2023-05-21': {'USDCNY': 7.007901}, '2023-05-22': {'USDCNY': 7.03399}, '2023-05-23': {'USDCNY': 7.057396}, '2023-05-24': {'USDCNY': 7.060901}, '2023-05-25': {'USDCNY': 7.078904}, '2023-05-26': {'USDCNY': 7.064704}, '2023-05-27': {'USDCNY': 7.064704}, '2023-05-28': {'USDCNY': 7.064699}, '2023-05-29': {'USDCNY': 7.0733}, '2023-05-30': {'USDCNY': 7.07983}, '2023-05-31': {'USDCNY': 7.1118}, '2023-06-01': {'USDCNY': 7.094503}, '2023-06-02': {'USDCNY': 7.084904}, '2023-06-03': {'USDCNY': 7.084904}, '2023-06-04': {'USDCNY': 7.0848}, '2023-06-05': {'USDCNY': 7.105963}, '2023-06-06': {'USDCNY': 7.119803}, '2023-06-07': {'USDCNY': 7.129795}, '2023-06-08': {'USDCNY': 7.112299}, '2023-06-09': {'USDCNY': 7.128604}, '2023-06-10': {'USDCNY': 7.128604}, '2023-06-11': {'USDCNY': 7.128596}, '2023-06-12': {'USDCNY': 7.145601}, '2023-06-13': {'USDCNY': 7.167498}, '2023-06-14': {'USDCNY': 7.163603}, '2023-06-15': {'USDCNY': 7.12103}, '2023-06-16': {'USDCNY': 7.126304}, '2023-06-17': {'USDCNY': 7.126304}, '2023-06-18': {'USDCNY': 7.126601}, '2023-06-19': {'USDCNY': 7.161504}, '2023-06-20': {'USDCNY': 7.181803}, '2023-06-21': {'USDCNY': 7.179497}, '2023-06-22': {'USDCNY': 7.179504}, '2023-06-23': {'USDCNY': 7.179904}, '2023-06-24': {'USDCNY': 7.179904}, '2023-06-25': {'USDCNY': 7.179501}, '2023-06-26': {'USDCNY': 7.237602}, '2023-06-27': {'USDCNY': 7.220201}, '2023-06-28': {'USDCNY': 7.244504}, '2023-06-29': {'USDCNY': 7.252803}, '2023-06-30': {'USDCNY': 7.253704}, '2023-07-01': {'USDCNY': 7.253704}, '2023-07-02': {'USDCNY': 7.2523}, '2023-07-03': {'USDCNY': 7.240798}, '2023-07-04': {'USDCNY': 7.214504}, '2023-07-05': {'USDCNY': 7.247502}, '2023-07-06': {'USDCNY': 7.250202}, '2023-07-07': {'USDCNY': 7.221204}, '2023-07-08': {'USDCNY': 7.221204}, '2023-07-09': {'USDCNY': 7.221199}, '2023-07-10': {'USDCNY': 7.231603}, '2023-07-11': {'USDCNY': 7.210202}, '2023-07-12': {'USDCNY': 7.166301}, '2023-07-13': {'USDCNY': 7.151021}, '2023-07-14': {'USDCNY': 7.141104}, '2023-07-15': {'USDCNY': 7.141104}, '2023-07-16': {'USDCNY': 7.141302}, '2023-07-17': {'USDCNY': 7.171601}, '2023-07-18': {'USDCNY': 7.180302}, '2023-07-19': {'USDCNY': 7.226967}, '2023-07-20': {'USDCNY': 7.177594}, '2023-07-21': {'USDCNY': 7.187804}, '2023-07-22': {'USDCNY': 7.187804}, '2023-07-23': {'USDCNY': 7.1878}, '2023-07-24': {'USDCNY': 7.186301}, '2023-07-25': {'USDCNY': 7.136399}, '2023-07-26': {'USDCNY': 7.150961}, '2023-07-27': {'USDCNY': 7.174198}, '2023-07-28': {'USDCNY': 7.148704}, '2023-07-29': {'USDCNY': 7.148304}, '2023-07-30': {'USDCNY': 7.112696}, '2023-07-31': {'USDCNY': 7.10525}, '2023-08-01': {'USDCNY': 7.177503}, '2023-08-02': {'USDCNY': 7.191402}, '2023-08-03': {'USDCNY': 7.163801}, '2023-08-04': {'USDCNY': 7.170704}, '2023-08-05': {'USDCNY': 7.170304}, '2023-08-06': {'USDCNY': 7.141104}, '2023-08-07': {'USDCNY': 7.193301}, '2023-08-08': {'USDCNY': 7.216704}, '2023-08-09': {'USDCNY': 7.209602}, '2023-08-10': {'USDCNY': 7.2157}, '2023-08-11': {'USDCNY': 7.237041}, '2023-08-12': {'USDCNY': 7.236604}, '2023-08-13': {'USDCNY': 7.2022}, '2023-08-14': {'USDCNY': 7.258297}, '2023-08-15': {'USDCNY': 7.282495}, '2023-08-16': {'USDCNY': 7.298025}, '2023-08-17': {'USDCNY': 7.2814}, '2023-08-18': {'USDCNY': 7.281604}, '2023-08-19': {'USDCNY': 7.281104}, '2023-08-20': {'USDCNY': 7.281698}, '2023-08-21': {'USDCNY': 7.208025}, '2023-08-22': {'USDCNY': 7.293396}, '2023-08-23': {'USDCNY': 7.180498}, '2023-08-24': {'USDCNY': 7.27775}, '2023-08-25': {'USDCNY': 7.289704}, '2023-08-26': {'USDCNY': 7.289204}, '2023-08-27': {'USDCNY': 7.289968}, '2023-08-28': {'USDCNY': 7.290101}, '2023-08-29': {'USDCNY': 7.280403}, '2023-08-30': {'USDCNY': 7.284596}, '2023-08-31': {'USDCNY': 7.257898}, '2023-09-01': {'USDCNY': 7.261204}, '2023-09-02': {'USDCNY': 7.261104}, '2023-09-03': {'USDCNY': 7.150098}, '2023-09-04': {'USDCNY': 7.272896}, '2023-09-05': {'USDCNY': 7.304401}, '2023-09-06': {'USDCNY': 7.316903}, '2023-09-07': {'USDCNY': 7.328794}, '2023-09-08': {'USDCNY': 7.343041}, '2023-09-09': {'USDCNY': 7.343041}, '2023-09-10': {'USDCNY': 7.242404}, '2023-09-11': {'USDCNY': 7.289018}, '2023-09-12': {'USDCNY': 7.291896}, '2023-09-13': {'USDCNY': 7.269799}, '2023-09-14': {'USDCNY': 7.276898}, '2023-09-15': {'USDCNY': 7.274804}, '2023-09-16': {'USDCNY': 7.274304}, '2023-09-17': {'USDCNY': 7.2749}, '2023-09-18': {'USDCNY': 7.2916}, '2023-09-19': {'USDCNY': 7.296603}, '2023-09-20': {'USDCNY': 7.28697}, '2023-09-21': {'USDCNY': 7.307503}, '2023-09-22': {'USDCNY': 7.298041}, '2023-09-23': {'USDCNY': 7.297041}, '2023-09-24': {'USDCNY': 7.2985}, '2023-09-25': {'USDCNY': 7.310899}, '2023-09-26': {'USDCNY': 7.311697}, '2023-09-27': {'USDCNY': 7.309104}, '2023-09-28': {'USDCNY': 7.3009}, '2023-09-29': {'USDCNY': 7.295204}, '2023-09-30': {'USDCNY': 7.294204}, '2023-10-01': {'USDCNY': 7.173602}, '2023-10-02': {'USDCNY': 7.189903}, '2023-10-03': {'USDCNY': 7.195303}, '2023-10-04': {'USDCNY': 7.201298}, '2023-10-05': {'USDCNY': 7.198698}, '2023-10-06': {'USDCNY': 7.194804}, '2023-10-07': {'USDCNY': 7.194804}, '2023-10-08': {'USDCNY': 7.301503}, '2023-10-09': {'USDCNY': 7.291403}, '2023-10-10': {'USDCNY': 7.295959}, '2023-10-11': {'USDCNY': 7.299702}, '2023-10-12': {'USDCNY': 7.302503}, '2023-10-13': {'USDCNY': 7.304804}, '2023-10-14': {'USDCNY': 7.304304}, '2023-10-15': {'USDCNY': 7.177992}, '2023-10-16': {'USDCNY': 7.310304}, '2023-10-17': {'USDCNY': 7.312698}, '2023-10-18': {'USDCNY': 7.3145}, '2023-10-19': {'USDCNY': 7.312203}, '2023-10-20': {'USDCNY': 7.317104}, '2023-10-21': {'USDCNY': 7.317041}, '2023-10-22': {'USDCNY': 7.316401}, '2023-10-23': {'USDCNY': 7.315095}, '2023-10-24': {'USDCNY': 7.309734}, '2023-10-25': {'USDCNY': 7.316703}, '2023-10-26': {'USDCNY': 7.315902}, '2023-10-27': {'USDCNY': 7.317304}, '2023-10-28': {'USDCNY': 7.316804}, '2023-10-29': {'USDCNY': 7.168701}, '2023-10-30': {'USDCNY': 7.313098}, '2023-10-31': {'USDCNY': 7.316495}, '2023-11-01': {'USDCNY': 7.316898}, '2023-11-02': {'USDCNY': 7.315102}, '2023-11-03': {'USDCNY': 7.30391}, '2023-11-04': {'USDCNY': 7.299504}, '2023-11-05': {'USDCNY': 7.299504}, '2023-11-06': {'USDCNY': 7.269599}, '2023-11-07': {'USDCNY': 7.279098}, '2023-11-08': {'USDCNY': 7.280295}, '2023-11-09': {'USDCNY': 7.283306}, '2023-11-10': {'USDCNY': 7.289604}, '2023-11-11': {'USDCNY': 7.289104}, '2023-11-12': {'USDCNY': 7.191798}, '2023-11-13': {'USDCNY': 7.290222}, '2023-11-14': {'USDCNY': 7.253098}, '2023-11-15': {'USDCNY': 7.246795}, '2023-11-16': {'USDCNY': 7.241998}, '2023-11-17': {'USDCNY': 7.211104}, '2023-11-18': {'USDCNY': 7.210704}, '2023-11-19': {'USDCNY': 7.210698}, '2023-11-20': {'USDCNY': 7.168498}, '2023-11-21': {'USDCNY': 7.096895}, '2023-11-22': {'USDCNY': 7.154903}, '2023-11-23': {'USDCNY': 7.095797}, '2023-11-24': {'USDCNY': 7.092041}, '2023-11-25': {'USDCNY': 7.091904}, '2023-11-26': {'USDCNY': 7.091901}, '2023-11-27': {'USDCNY': 7.131301}, '2023-11-28': {'USDCNY': 7.073804}, '2023-11-29': {'USDCNY': 7.088901}, '2023-11-30': {'USDCNY': 7.085398}, '2023-12-01': {'USDCNY': 7.072204}, '2023-12-02': {'USDCNY': 7.071804}}}
[2023-12-02 16:03:36,395] {{logging_mixin.py:120}} INFO - ------------ end --------------
[2023-12-02 16:03:36,397] {{taskinstance.py:1150}} ERROR - Ошибка записи данных: 'timestamp'
Traceback (most recent call last):
  File "/usr/local/airflow/dags/modules/functions.py", line 62, in load_data_psql
    get_date = datetime.utcfromtimestamp(data["timestamp"]).strftime('%Y-%m-%d %H:%M:%S')
KeyError: 'timestamp'

During handling of the above exception, another exception occurred:

Traceback (most recent call last):
  File "/usr/local/lib/python3.7/site-packages/airflow/models/taskinstance.py", line 984, in _run_raw_task
    result = task_copy.execute(context=context)
  File "/usr/local/lib/python3.7/site-packages/airflow/operators/python_operator.py", line 113, in execute
    return_value = self.execute_callable()
  File "/usr/local/lib/python3.7/site-packages/airflow/operators/python_operator.py", line 118, in execute_callable
    return self.python_callable(*self.op_args, **self.op_kwargs)
  File "/usr/local/airflow/dags/modules/functions.py", line 75, in load_data_psql
    raise Exception(f'Ошибка записи данных: {error}')
Exception: Ошибка записи данных: 'timestamp'
[2023-12-02 16:03:36,406] {{taskinstance.py:1194}} INFO - Marking task as FAILED. dag_id=hw-3.4, task_id=load_data_psql, execution_date=20231202T155255, start_date=20231202T160335, end_date=20231202T160336
[2023-12-02 16:03:39,991] {{local_task_job.py:102}} INFO - Task exited with return code 1
